== data patch ==
Splitzap production phase 1 patch applied.
exit=0
== product patch ==
Splitzap production UI and lifecycle patch applied.
Splitzap generated-source compatibility pass applied.
exit=0
== final product polish ==
file:///home/runner/work/whatsapp-link-generator/whatsapp-link-generator/scripts/splitzap-final-polish.mjs:4
  if (!source.includes(from)) throw new Error(`Splitzap final polish could not find ${label}.`);
                                    ^

Error: Splitzap final polish could not find profile sync-status card.
    at replaceOnce (file:///home/runner/work/whatsapp-link-generator/whatsapp-link-generator/scripts/splitzap-final-polish.mjs:4:37)
    at file:///home/runner/work/whatsapp-link-generator/whatsapp-link-generator/scripts/splitzap-final-polish.mjs:18:9
    at ModuleJob.run (node:internal/modules/esm/module_job:325:25)
    at async ModuleLoader.import (node:internal/modules/esm/loader:606:24)
    at async asyncRunEntryPointWithESMLoader (node:internal/modules/run_main:117:5)

Node.js v20.20.2
exit=1
== archived expense read-only fix ==
skipped because an earlier validation failed
== typecheck ==
skipped because an earlier validation failed
== splitzap tests ==
skipped because an earlier validation failed
== production build ==
skipped because an earlier validation failed
== production dependency audit ==
skipped because an earlier validation failed
